test_add_sub:
0
0
-2147483648
2147483647
0

test_mul_div:
0
0
0
-2147483648
-2147483648
3840
-1
-1
2
-2
-2
2
