""
0
false
[Object]
""
0
false
null
""
0
false
[Object]
""
0
false
null
