---
source: tests/parser.rs
description: "class Main {\n    main(): Int {\n        0\n    };\n};\n"
expression: parse_result
---
Ok(Program(
  classes: [
    Class(
      name: TyName(Name(Spanned(
        value: "Main",
        span: Span(
          start: Position(
            src: Some(SourceId(1)),
            byte: 6,
            line: 1,
            col: 7,
          ),
          end: Position(
            src: Some(SourceId(1)),
            byte: 9,
            line: 1,
            col: 10,
          ),
        ),
      ))),
      inherits: None,
      features: [
        Method(Method(
          name: Name(Spanned(
            value: "main",
            span: Span(
              start: Position(
                src: Some(SourceId(1)),
                byte: 17,
                line: 2,
                col: 5,
              ),
              end: Position(
                src: Some(SourceId(1)),
                byte: 20,
                line: 2,
                col: 8,
              ),
            ),
          )),
          params: [],
          return_ty: TyName(Name(Spanned(
            value: "Int",
            span: Span(
              start: Position(
                src: Some(SourceId(1)),
                byte: 25,
                line: 2,
                col: 13,
              ),
              end: Position(
                src: Some(SourceId(1)),
                byte: 27,
                line: 2,
                col: 15,
              ),
            ),
          ))),
          body: Int(IntLit(Spanned(
            value: 0,
            span: Span(
              start: Position(
                src: Some(SourceId(1)),
                byte: 39,
                line: 3,
                col: 9,
              ),
              end: Position(
                src: Some(SourceId(1)),
                byte: 39,
                line: 3,
                col: 9,
              ),
            ),
          ))),
          span: Span(
            start: Position(
              src: Some(SourceId(1)),
              byte: 17,
              line: 2,
              col: 5,
            ),
            end: Position(
              src: Some(SourceId(1)),
              byte: 20,
              line: 2,
              col: 8,
            ),
          ),
          ty: Unresolved(Function(
            args: [],
            ret: Unresolved(Named(TyName(Name(Spanned(
              value: "Int",
              span: Span(
                start: Position(
                  src: Some(SourceId(1)),
                  byte: 25,
                  line: 2,
                  col: 13,
                ),
                end: Position(
                  src: Some(SourceId(1)),
                  byte: 27,
                  line: 2,
                  col: 15,
                ),
              ),
            ))))),
          )),
        )),
      ],
      span: Span(
        start: Position(
          src: Some(SourceId(1)),
          byte: 0,
          line: 1,
          col: 1,
        ),
        end: Position(
          src: Some(SourceId(1)),
          byte: 4,
          line: 1,
          col: 5,
        ),
      ),
      ty: Unresolved(Named(TyName(Name(Spanned(
        value: "Main",
        span: Span(
          start: Position(
            src: Some(SourceId(1)),
            byte: 6,
            line: 1,
            col: 7,
          ),
          end: Position(
            src: Some(SourceId(1)),
            byte: 9,
            line: 1,
            col: 10,
          ),
        ),
      ))))),
    ),
  ],
  span: Span(
    start: Position(
      src: Some(SourceId(1)),
      byte: 0,
      line: 1,
      col: 1,
    ),
    end: Position(
      src: Some(SourceId(1)),
      byte: 4,
      line: 1,
      col: 5,
    ),
  ),
))
