---
source: tests/typeck.rs
description: "class NotMain {\n    main(): Object {\n        0\n    };\n};\n"
expression: "SnapshotData { failed, classes: &classes }"
---
SnapshotData(
  failed: true,
  classes: [
    Class(
      name: TyName(Name(Spanned(
        value: "NotMain",
        span: Span(
          start: Position(
            src: Some(SourceId(1)),
            byte: 6,
            line: 1,
            col: 7,
          ),
          end: Position(
            src: Some(SourceId(1)),
            byte: 12,
            line: 1,
            col: 13,
          ),
        ),
      ))),
      inherits: None,
      features: [
        Method(Method(
          name: Name(Spanned(
            value: "main",
            span: Span(
              start: Position(
                src: Some(SourceId(1)),
                byte: 20,
                line: 2,
                col: 5,
              ),
              end: Position(
                src: Some(SourceId(1)),
                byte: 23,
                line: 2,
                col: 8,
              ),
            ),
          )),
          params: [],
          return_ty: TyName(Name(Spanned(
            value: "Object",
            span: Span(
              start: Position(
                src: Some(SourceId(1)),
                byte: 28,
                line: 2,
                col: 13,
              ),
              end: Position(
                src: Some(SourceId(1)),
                byte: 33,
                line: 2,
                col: 18,
              ),
            ),
          ))),
          body: Int(IntLit(Spanned(
            value: 0,
            span: Span(
              start: Position(
                src: Some(SourceId(1)),
                byte: 45,
                line: 3,
                col: 9,
              ),
              end: Position(
                src: Some(SourceId(1)),
                byte: 45,
                line: 3,
                col: 9,
              ),
            ),
          ))),
          span: Span(
            start: Position(
              src: Some(SourceId(1)),
              byte: 20,
              line: 2,
              col: 5,
            ),
            end: Position(
              src: Some(SourceId(1)),
              byte: 23,
              line: 2,
              col: 8,
            ),
          ),
          ty: Resolved(Function(FunctionTy(
            params: [],
            ret: Builtin(Object),
          ))),
        )),
      ],
      span: Span(
        start: Position(
          src: Some(SourceId(1)),
          byte: 0,
          line: 1,
          col: 1,
        ),
        end: Position(
          src: Some(SourceId(1)),
          byte: 4,
          line: 1,
          col: 5,
        ),
      ),
      ty: Resolved(Class("NotMain")),
    ),
  ],
)
