---
source: tests/typeck.rs
description: "class Main {\n    main(): Object {\n        let object : Object <- new Object,\n            int : Int <- new Int,\n            string : String <- new String,\n            io : IO <- new IO,\n            bool : Bool <- new Bool,\n            main : Main <- new Main,\n            self_ : SELF_TYPE <- new SELF_TYPE in 0\n    };\n};\n"
expression: "SnapshotData { failed, classes: &classes }"
---
SnapshotData(
  failed: false,
  classes: [
    Class(
      name: TyName(Name(Spanned(
        value: "Main",
        span: Span(
          start: Position(
            src: Some(SourceId(1)),
            byte: 6,
            line: 1,
            col: 7,
          ),
          end: Position(
            src: Some(SourceId(1)),
            byte: 9,
            line: 1,
            col: 10,
          ),
        ),
      ))),
      inherits: None,
      features: [
        Method(Method(
          name: Name(Spanned(
            value: "main",
            span: Span(
              start: Position(
                src: Some(SourceId(1)),
                byte: 17,
                line: 2,
                col: 5,
              ),
              end: Position(
                src: Some(SourceId(1)),
                byte: 20,
                line: 2,
                col: 8,
              ),
            ),
          )),
          params: [],
          return_ty: TyName(Name(Spanned(
            value: "Object",
            span: Span(
              start: Position(
                src: Some(SourceId(1)),
                byte: 25,
                line: 2,
                col: 13,
              ),
              end: Position(
                src: Some(SourceId(1)),
                byte: 30,
                line: 2,
                col: 18,
              ),
            ),
          ))),
          body: Let(Let(
            binding: Binding(
              name: Name(Spanned(
                value: "object",
                span: Span(
                  start: Position(
                    src: Some(SourceId(1)),
                    byte: 46,
                    line: 3,
                    col: 13,
                  ),
                  end: Position(
                    src: Some(SourceId(1)),
                    byte: 51,
                    line: 3,
                    col: 18,
                  ),
                ),
              )),
              binding_id: SerKey(
                idx: 2,
                version: 1,
              ),
              ty_name: TyName(Name(Spanned(
                value: "Object",
                span: Span(
                  start: Position(
                    src: Some(SourceId(1)),
                    byte: 55,
                    line: 3,
                    col: 22,
                  ),
                  end: Position(
                    src: Some(SourceId(1)),
                    byte: 60,
                    line: 3,
                    col: 27,
                  ),
                ),
              ))),
              init: Some(New(New(
                ty_name: TyName(Name(Spanned(
                  value: "Object",
                  span: Span(
                    start: Position(
                      src: Some(SourceId(1)),
                      byte: 69,
                      line: 3,
                      col: 36,
                    ),
                    end: Position(
                      src: Some(SourceId(1)),
                      byte: 74,
                      line: 3,
                      col: 41,
                    ),
                  ),
                ))),
                span: Span(
                  start: Position(
                    src: Some(SourceId(1)),
                    byte: 65,
                    line: 3,
                    col: 32,
                  ),
                  end: Position(
                    src: Some(SourceId(1)),
                    byte: 67,
                    line: 3,
                    col: 34,
                  ),
                ),
                ty: Resolved(Builtin(Object)),
              ))),
              span: Span(
                start: Position(
                  src: Some(SourceId(1)),
                  byte: 46,
                  line: 3,
                  col: 13,
                ),
                end: Position(
                  src: Some(SourceId(1)),
                  byte: 51,
                  line: 3,
                  col: 18,
                ),
              ),
              ty: Resolved(Builtin(Object)),
            ),
            expr: Let(Let(
              binding: Binding(
                name: Name(Spanned(
                  value: "int",
                  span: Span(
                    start: Position(
                      src: Some(SourceId(1)),
                      byte: 89,
                      line: 4,
                      col: 13,
                    ),
                    end: Position(
                      src: Some(SourceId(1)),
                      byte: 91,
                      line: 4,
                      col: 15,
                    ),
                  ),
                )),
                binding_id: SerKey(
                  idx: 3,
                  version: 1,
                ),
                ty_name: TyName(Name(Spanned(
                  value: "Int",
                  span: Span(
                    start: Position(
                      src: Some(SourceId(1)),
                      byte: 95,
                      line: 4,
                      col: 19,
                    ),
                    end: Position(
                      src: Some(SourceId(1)),
                      byte: 97,
                      line: 4,
                      col: 21,
                    ),
                  ),
                ))),
                init: Some(New(New(
                  ty_name: TyName(Name(Spanned(
                    value: "Int",
                    span: Span(
                      start: Position(
                        src: Some(SourceId(1)),
                        byte: 106,
                        line: 4,
                        col: 30,
                      ),
                      end: Position(
                        src: Some(SourceId(1)),
                        byte: 108,
                        line: 4,
                        col: 32,
                      ),
                    ),
                  ))),
                  span: Span(
                    start: Position(
                      src: Some(SourceId(1)),
                      byte: 102,
                      line: 4,
                      col: 26,
                    ),
                    end: Position(
                      src: Some(SourceId(1)),
                      byte: 104,
                      line: 4,
                      col: 28,
                    ),
                  ),
                  ty: Resolved(Builtin(Int)),
                ))),
                span: Span(
                  start: Position(
                    src: Some(SourceId(1)),
                    byte: 89,
                    line: 4,
                    col: 13,
                  ),
                  end: Position(
                    src: Some(SourceId(1)),
                    byte: 91,
                    line: 4,
                    col: 15,
                  ),
                ),
                ty: Resolved(Builtin(Int)),
              ),
              expr: Let(Let(
                binding: Binding(
                  name: Name(Spanned(
                    value: "string",
                    span: Span(
                      start: Position(
                        src: Some(SourceId(1)),
                        byte: 123,
                        line: 5,
                        col: 13,
                      ),
                      end: Position(
                        src: Some(SourceId(1)),
                        byte: 128,
                        line: 5,
                        col: 18,
                      ),
                    ),
                  )),
                  binding_id: SerKey(
                    idx: 4,
                    version: 1,
                  ),
                  ty_name: TyName(Name(Spanned(
                    value: "String",
                    span: Span(
                      start: Position(
                        src: Some(SourceId(1)),
                        byte: 132,
                        line: 5,
                        col: 22,
                      ),
                      end: Position(
                        src: Some(SourceId(1)),
                        byte: 137,
                        line: 5,
                        col: 27,
                      ),
                    ),
                  ))),
                  init: Some(New(New(
                    ty_name: TyName(Name(Spanned(
                      value: "String",
                      span: Span(
                        start: Position(
                          src: Some(SourceId(1)),
                          byte: 146,
                          line: 5,
                          col: 36,
                        ),
                        end: Position(
                          src: Some(SourceId(1)),
                          byte: 151,
                          line: 5,
                          col: 41,
                        ),
                      ),
                    ))),
                    span: Span(
                      start: Position(
                        src: Some(SourceId(1)),
                        byte: 142,
                        line: 5,
                        col: 32,
                      ),
                      end: Position(
                        src: Some(SourceId(1)),
                        byte: 144,
                        line: 5,
                        col: 34,
                      ),
                    ),
                    ty: Resolved(Builtin(String)),
                  ))),
                  span: Span(
                    start: Position(
                      src: Some(SourceId(1)),
                      byte: 123,
                      line: 5,
                      col: 13,
                    ),
                    end: Position(
                      src: Some(SourceId(1)),
                      byte: 128,
                      line: 5,
                      col: 18,
                    ),
                  ),
                  ty: Resolved(Builtin(String)),
                ),
                expr: Let(Let(
                  binding: Binding(
                    name: Name(Spanned(
                      value: "io",
                      span: Span(
                        start: Position(
                          src: Some(SourceId(1)),
                          byte: 166,
                          line: 6,
                          col: 13,
                        ),
                        end: Position(
                          src: Some(SourceId(1)),
                          byte: 167,
                          line: 6,
                          col: 14,
                        ),
                      ),
                    )),
                    binding_id: SerKey(
                      idx: 5,
                      version: 1,
                    ),
                    ty_name: TyName(Name(Spanned(
                      value: "IO",
                      span: Span(
                        start: Position(
                          src: Some(SourceId(1)),
                          byte: 171,
                          line: 6,
                          col: 18,
                        ),
                        end: Position(
                          src: Some(SourceId(1)),
                          byte: 172,
                          line: 6,
                          col: 19,
                        ),
                      ),
                    ))),
                    init: Some(New(New(
                      ty_name: TyName(Name(Spanned(
                        value: "IO",
                        span: Span(
                          start: Position(
                            src: Some(SourceId(1)),
                            byte: 181,
                            line: 6,
                            col: 28,
                          ),
                          end: Position(
                            src: Some(SourceId(1)),
                            byte: 182,
                            line: 6,
                            col: 29,
                          ),
                        ),
                      ))),
                      span: Span(
                        start: Position(
                          src: Some(SourceId(1)),
                          byte: 177,
                          line: 6,
                          col: 24,
                        ),
                        end: Position(
                          src: Some(SourceId(1)),
                          byte: 179,
                          line: 6,
                          col: 26,
                        ),
                      ),
                      ty: Resolved(Builtin(IO)),
                    ))),
                    span: Span(
                      start: Position(
                        src: Some(SourceId(1)),
                        byte: 166,
                        line: 6,
                        col: 13,
                      ),
                      end: Position(
                        src: Some(SourceId(1)),
                        byte: 167,
                        line: 6,
                        col: 14,
                      ),
                    ),
                    ty: Resolved(Builtin(IO)),
                  ),
                  expr: Let(Let(
                    binding: Binding(
                      name: Name(Spanned(
                        value: "bool",
                        span: Span(
                          start: Position(
                            src: Some(SourceId(1)),
                            byte: 197,
                            line: 7,
                            col: 13,
                          ),
                          end: Position(
                            src: Some(SourceId(1)),
                            byte: 200,
                            line: 7,
                            col: 16,
                          ),
                        ),
                      )),
                      binding_id: SerKey(
                        idx: 6,
                        version: 1,
                      ),
                      ty_name: TyName(Name(Spanned(
                        value: "Bool",
                        span: Span(
                          start: Position(
                            src: Some(SourceId(1)),
                            byte: 204,
                            line: 7,
                            col: 20,
                          ),
                          end: Position(
                            src: Some(SourceId(1)),
                            byte: 207,
                            line: 7,
                            col: 23,
                          ),
                        ),
                      ))),
                      init: Some(New(New(
                        ty_name: TyName(Name(Spanned(
                          value: "Bool",
                          span: Span(
                            start: Position(
                              src: Some(SourceId(1)),
                              byte: 216,
                              line: 7,
                              col: 32,
                            ),
                            end: Position(
                              src: Some(SourceId(1)),
                              byte: 219,
                              line: 7,
                              col: 35,
                            ),
                          ),
                        ))),
                        span: Span(
                          start: Position(
                            src: Some(SourceId(1)),
                            byte: 212,
                            line: 7,
                            col: 28,
                          ),
                          end: Position(
                            src: Some(SourceId(1)),
                            byte: 214,
                            line: 7,
                            col: 30,
                          ),
                        ),
                        ty: Resolved(Builtin(Bool)),
                      ))),
                      span: Span(
                        start: Position(
                          src: Some(SourceId(1)),
                          byte: 197,
                          line: 7,
                          col: 13,
                        ),
                        end: Position(
                          src: Some(SourceId(1)),
                          byte: 200,
                          line: 7,
                          col: 16,
                        ),
                      ),
                      ty: Resolved(Builtin(Bool)),
                    ),
                    expr: Let(Let(
                      binding: Binding(
                        name: Name(Spanned(
                          value: "main",
                          span: Span(
                            start: Position(
                              src: Some(SourceId(1)),
                              byte: 234,
                              line: 8,
                              col: 13,
                            ),
                            end: Position(
                              src: Some(SourceId(1)),
                              byte: 237,
                              line: 8,
                              col: 16,
                            ),
                          ),
                        )),
                        binding_id: SerKey(
                          idx: 7,
                          version: 1,
                        ),
                        ty_name: TyName(Name(Spanned(
                          value: "Main",
                          span: Span(
                            start: Position(
                              src: Some(SourceId(1)),
                              byte: 241,
                              line: 8,
                              col: 20,
                            ),
                            end: Position(
                              src: Some(SourceId(1)),
                              byte: 244,
                              line: 8,
                              col: 23,
                            ),
                          ),
                        ))),
                        init: Some(New(New(
                          ty_name: TyName(Name(Spanned(
                            value: "Main",
                            span: Span(
                              start: Position(
                                src: Some(SourceId(1)),
                                byte: 253,
                                line: 8,
                                col: 32,
                              ),
                              end: Position(
                                src: Some(SourceId(1)),
                                byte: 256,
                                line: 8,
                                col: 35,
                              ),
                            ),
                          ))),
                          span: Span(
                            start: Position(
                              src: Some(SourceId(1)),
                              byte: 249,
                              line: 8,
                              col: 28,
                            ),
                            end: Position(
                              src: Some(SourceId(1)),
                              byte: 251,
                              line: 8,
                              col: 30,
                            ),
                          ),
                          ty: Resolved(Class("Main")),
                        ))),
                        span: Span(
                          start: Position(
                            src: Some(SourceId(1)),
                            byte: 234,
                            line: 8,
                            col: 13,
                          ),
                          end: Position(
                            src: Some(SourceId(1)),
                            byte: 237,
                            line: 8,
                            col: 16,
                          ),
                        ),
                        ty: Resolved(Class("Main")),
                      ),
                      expr: Let(Let(
                        binding: Binding(
                          name: Name(Spanned(
                            value: "self_",
                            span: Span(
                              start: Position(
                                src: Some(SourceId(1)),
                                byte: 271,
                                line: 9,
                                col: 13,
                              ),
                              end: Position(
                                src: Some(SourceId(1)),
                                byte: 275,
                                line: 9,
                                col: 17,
                              ),
                            ),
                          )),
                          binding_id: SerKey(
                            idx: 8,
                            version: 1,
                          ),
                          ty_name: TyName(Name(Spanned(
                            value: "SELF_TYPE",
                            span: Span(
                              start: Position(
                                src: Some(SourceId(1)),
                                byte: 279,
                                line: 9,
                                col: 21,
                              ),
                              end: Position(
                                src: Some(SourceId(1)),
                                byte: 287,
                                line: 9,
                                col: 29,
                              ),
                            ),
                          ))),
                          init: Some(New(New(
                            ty_name: TyName(Name(Spanned(
                              value: "SELF_TYPE",
                              span: Span(
                                start: Position(
                                  src: Some(SourceId(1)),
                                  byte: 296,
                                  line: 9,
                                  col: 38,
                                ),
                                end: Position(
                                  src: Some(SourceId(1)),
                                  byte: 304,
                                  line: 9,
                                  col: 46,
                                ),
                              ),
                            ))),
                            span: Span(
                              start: Position(
                                src: Some(SourceId(1)),
                                byte: 292,
                                line: 9,
                                col: 34,
                              ),
                              end: Position(
                                src: Some(SourceId(1)),
                                byte: 294,
                                line: 9,
                                col: 36,
                              ),
                            ),
                            ty: Resolved(SelfType(
                              enclosed: Class("Main"),
                            )),
                          ))),
                          span: Span(
                            start: Position(
                              src: Some(SourceId(1)),
                              byte: 271,
                              line: 9,
                              col: 13,
                            ),
                            end: Position(
                              src: Some(SourceId(1)),
                              byte: 275,
                              line: 9,
                              col: 17,
                            ),
                          ),
                          ty: Resolved(SelfType(
                            enclosed: Class("Main"),
                          )),
                        ),
                        expr: Int(IntLit(Spanned(
                          value: 0,
                          span: Span(
                            start: Position(
                              src: Some(SourceId(1)),
                              byte: 309,
                              line: 9,
                              col: 51,
                            ),
                            end: Position(
                              src: Some(SourceId(1)),
                              byte: 309,
                              line: 9,
                              col: 51,
                            ),
                          ),
                        ))),
                        span: Span(
                          start: Position(
                            src: Some(SourceId(1)),
                            byte: 271,
                            line: 9,
                            col: 13,
                          ),
                          end: Position(
                            src: Some(SourceId(1)),
                            byte: 275,
                            line: 9,
                            col: 17,
                          ),
                        ),
                      )),
                      span: Span(
                        start: Position(
                          src: Some(SourceId(1)),
                          byte: 234,
                          line: 8,
                          col: 13,
                        ),
                        end: Position(
                          src: Some(SourceId(1)),
                          byte: 237,
                          line: 8,
                          col: 16,
                        ),
                      ),
                    )),
                    span: Span(
                      start: Position(
                        src: Some(SourceId(1)),
                        byte: 197,
                        line: 7,
                        col: 13,
                      ),
                      end: Position(
                        src: Some(SourceId(1)),
                        byte: 200,
                        line: 7,
                        col: 16,
                      ),
                    ),
                  )),
                  span: Span(
                    start: Position(
                      src: Some(SourceId(1)),
                      byte: 166,
                      line: 6,
                      col: 13,
                    ),
                    end: Position(
                      src: Some(SourceId(1)),
                      byte: 167,
                      line: 6,
                      col: 14,
                    ),
                  ),
                )),
                span: Span(
                  start: Position(
                    src: Some(SourceId(1)),
                    byte: 123,
                    line: 5,
                    col: 13,
                  ),
                  end: Position(
                    src: Some(SourceId(1)),
                    byte: 128,
                    line: 5,
                    col: 18,
                  ),
                ),
              )),
              span: Span(
                start: Position(
                  src: Some(SourceId(1)),
                  byte: 89,
                  line: 4,
                  col: 13,
                ),
                end: Position(
                  src: Some(SourceId(1)),
                  byte: 91,
                  line: 4,
                  col: 15,
                ),
              ),
            )),
            span: Span(
              start: Position(
                src: Some(SourceId(1)),
                byte: 42,
                line: 3,
                col: 9,
              ),
              end: Position(
                src: Some(SourceId(1)),
                byte: 44,
                line: 3,
                col: 11,
              ),
            ),
          )),
          span: Span(
            start: Position(
              src: Some(SourceId(1)),
              byte: 17,
              line: 2,
              col: 5,
            ),
            end: Position(
              src: Some(SourceId(1)),
              byte: 20,
              line: 2,
              col: 8,
            ),
          ),
          ty: Resolved(Function(FunctionTy(
            params: [],
            ret: Builtin(Object),
          ))),
        )),
      ],
      span: Span(
        start: Position(
          src: Some(SourceId(1)),
          byte: 0,
          line: 1,
          col: 1,
        ),
        end: Position(
          src: Some(SourceId(1)),
          byte: 4,
          line: 1,
          col: 5,
        ),
      ),
      ty: Resolved(Class("Main")),
    ),
  ],
)
